// Jest Snapshot v1, https://goo.gl/fbAQLP

exports[`App DOM testing matches snapshot 1`] = `
<div
  class="main"
  data-testid="app"
>
  <h1
    class="title"
  >
    Sorting People
  </h1>
  <table
    class="table"
  >
    <thead>
      <tr>
        <th
          class="yellow"
        >
          Name
          <div
            class="relative"
          >
            <button
              class="sortBtn"
              data-testid="showOpName"
              type="button"
            >
              Short by:
               
            </button>
            <div
              class="options d-none"
            >
              <button
                class="opBtn"
                data-testid="cleanSortName"
                type="button"
              >
                None
              </button>
              <button
                class="opBtn"
                data-testid="minToMaxName"
                type="button"
              >
                A - Z
              </button>
              <button
                class="opBtn"
                data-testid="maxToMinName"
                type="button"
              >
                Z - A
              </button>
            </div>
          </div>
        </th>
      </tr>
      <tr>
        <th
          class="yellow"
        >
          Address
          <div
            class="relative"
          >
            <button
              class="sortBtn"
              data-testid="showOpAddress"
              type="button"
            >
              Short by:
               
            </button>
            <div
              class="options d-none"
            >
              <button
                class="opBtn"
                data-testid="cleanSortAddress"
                type="button"
              >
                None
              </button>
              <button
                class="opBtn"
                data-testid="minToMaxAddress"
                type="button"
              >
                A - Z
              </button>
              <button
                class="opBtn"
                data-testid="maxToMinAddress"
                type="button"
              >
                Z - A
              </button>
            </div>
          </div>
        </th>
      </tr>
      <tr>
        <th
          class="yellow"
        >
          City
          <div
            class="relative"
          >
            <button
              class="sortBtn"
              data-testid="showOpCity"
              type="button"
            >
              Short by:
               
            </button>
            <div
              class="options d-none"
            >
              <button
                class="opBtn"
                data-testid="cleanSortCity"
                type="button"
              >
                None
              </button>
              <button
                class="opBtn"
                data-testid="minToMaxCity"
                type="button"
              >
                A - Z
              </button>
              <button
                class="opBtn"
                data-testid="maxToMinCity"
                type="button"
              >
                Z - A
              </button>
            </div>
          </div>
        </th>
      </tr>
      <tr>
        <th
          class="yellow"
        >
          Region
          <div
            class="relative"
          >
            <button
              class="sortBtn"
              data-testid="showOpRegion"
              type="button"
            >
              Short by:
               
            </button>
            <div
              class="options d-none"
            >
              <button
                class="opBtn"
                data-testid="cleanSortRegion"
                type="button"
              >
                None
              </button>
              <button
                class="opBtn"
                data-testid="minToMaxRegion"
                type="button"
              >
                A - Z
              </button>
              <button
                class="opBtn"
                data-testid="maxToMinRegion"
                type="button"
              >
                Z - A
              </button>
            </div>
          </div>
        </th>
      </tr>
      <tr>
        <th
          class="yellow"
        >
          Country
          <div
            class="relative"
          >
            <button
              class="sortBtn"
              data-testid="showOpCountry"
              type="button"
            >
              Short by:
               
            </button>
            <div
              class="options d-none"
            >
              <button
                class="opBtn"
                data-testid="cleanSortCountry"
                type="button"
              >
                None
              </button>
              <button
                class="opBtn"
                data-testid="minToMaxCountry"
                type="button"
              >
                A - Z
              </button>
              <button
                class="opBtn"
                data-testid="maxToMinCountry"
                type="button"
              >
                Z - A
              </button>
            </div>
          </div>
        </th>
      </tr>
      <tr>
        <th
          class="yellow"
        >
          Birthday
          <div
            class="relative"
          >
            <button
              class="sortBtn"
              data-testid="showOpBirthday"
              type="button"
            >
              Short by:
               
            </button>
            <div
              class="options d-none"
            >
              <button
                class="opBtn"
                data-testid="cleanSortBirthday"
                type="button"
              >
                None
              </button>
              <button
                class="opBtn"
                data-testid="minToMaxBirthday"
                type="button"
              >
                Older - Younger
              </button>
              <button
                class="opBtn"
                data-testid="maxToMinBirthday"
                type="button"
              >
                Younger - Older
              </button>
            </div>
          </div>
        </th>
      </tr>
    </thead>
    <tbody
      data-testid="tBody"
    >
      <tr>
        <td>
          Emily Donovan
        </td>
        <td>
          Ap #677-3529 Morbi Rd.
        </td>
        <td>
          Whitby
        </td>
        <td>
          ON
        </td>
        <td>
          Canada
        </td>
        <td>
          1998-08-26
        </td>
      </tr>
      <tr>
        <td>
          Howard Sellers
        </td>
        <td>
          9614 Vestibulum Street
        </td>
        <td>
          Moose Jaw
        </td>
        <td>
          SK
        </td>
        <td>
          Canada
        </td>
        <td>
          1997-12-09
        </td>
      </tr>
      <tr>
        <td>
          Jacob Green
        </td>
        <td>
          828-9972 Malesuada St.
        </td>
        <td>
          ShÃ¯Â¿Â½diac
        </td>
        <td>
          NB
        </td>
        <td>
          Canada
        </td>
        <td>
          1962-10-31
        </td>
      </tr>
      <tr>
        <td>
          Nell Beard
        </td>
        <td>
          Ap #483-9033 In Street
        </td>
        <td>
          Stratford
        </td>
        <td>
          PE
        </td>
        <td>
          Canada
        </td>
        <td>
          1967-07-01
        </td>
      </tr>
      <tr>
        <td>
          Amethyst Allison
        </td>
        <td>
          260-8568 Aliquam, Rd.
        </td>
        <td>
          Wrigley
        </td>
        <td>
          Northwest Territories
        </td>
        <td>
          Canada
        </td>
        <td>
          1979-03-15
        </td>
      </tr>
      <tr>
        <td>
          Shelley Pratt
        </td>
        <td>
          P.O. Box 831, 6101 Dapibus Av.
        </td>
        <td>
          Montague
        </td>
        <td>
          PE
        </td>
        <td>
          Canada
        </td>
        <td>
          1988-05-02
        </td>
      </tr>
      <tr>
        <td>
          Ignacia Bailey
        </td>
        <td>
          P.O. Box 702, 7708 Nulla. Ave
        </td>
        <td>
          Paulatuk
        </td>
        <td>
          Northwest Territories
        </td>
        <td>
          Canada
        </td>
        <td>
          1951-04-11
        </td>
      </tr>
      <tr>
        <td>
          Sonya Hahn
        </td>
        <td>
          9302 Quis, St.
        </td>
        <td>
          Yorkton
        </td>
        <td>
          Saskatchewan
        </td>
        <td>
          Canada
        </td>
        <td>
          1975-07-27
        </td>
      </tr>
      <tr>
        <td>
          Drake Farrell
        </td>
        <td>
          6624 Nunc Road
        </td>
        <td>
          Kent
        </td>
        <td>
          BC
        </td>
        <td>
          Canada
        </td>
        <td>
          1986-08-15
        </td>
      </tr>
      <tr>
        <td>
          Macey Reeves
        </td>
        <td>
          355-676 Vehicula Avenue
        </td>
        <td>
          Cumberland County
        </td>
        <td>
          NS
        </td>
        <td>
          Canada
        </td>
        <td>
          1953-08-22
        </td>
      </tr>
      <tr>
        <td>
          Price Duffy
        </td>
        <td>
          P.O. Box 408, 2437 Urna. Av.
        </td>
        <td>
          Whitehorse
        </td>
        <td>
          Yukon
        </td>
        <td>
          Canada
        </td>
        <td>
          1989-03-25
        </td>
      </tr>
      <tr>
        <td>
          Yuri Gill
        </td>
        <td>
          P.O. Box 885, 949 Nibh. Avenue
        </td>
        <td>
          Scarborough
        </td>
        <td>
          Ontario
        </td>
        <td>
          Canada
        </td>
        <td>
          1967-05-23
        </td>
      </tr>
      <tr>
        <td>
          Wendy Howell
        </td>
        <td>
          Ap #640-4896 Nunc Ave
        </td>
        <td>
          Watson Lake
        </td>
        <td>
          YT
        </td>
        <td>
          Canada
        </td>
        <td>
          1962-04-24
        </td>
      </tr>
      <tr>
        <td>
          Jessamine Ray
        </td>
        <td>
          8353 Tellus. Rd.
        </td>
        <td>
          Brandon
        </td>
        <td>
          Manitoba
        </td>
        <td>
          Canada
        </td>
        <td>
          1969-01-21
        </td>
      </tr>
      <tr>
        <td>
          Paloma Joyner
        </td>
        <td>
          P.O. Box 289, 1102 Diam. Avenue
        </td>
        <td>
          Berwick
        </td>
        <td>
          NS
        </td>
        <td>
          Canada
        </td>
        <td>
          1985-09-09
        </td>
      </tr>
      <tr>
        <td>
          Cairo Haley
        </td>
        <td>
          P.O. Box 220, 993 Tristique Rd.
        </td>
        <td>
          Brandon
        </td>
        <td>
          Manitoba
        </td>
        <td>
          Canada
        </td>
        <td>
          1987-02-25
        </td>
      </tr>
      <tr>
        <td>
          Halee Justice
        </td>
        <td>
          8878 Sagittis Street
        </td>
        <td>
          Tsiigehtchic
        </td>
        <td>
          Northwest Territories
        </td>
        <td>
          Canada
        </td>
        <td>
          1998-03-04
        </td>
      </tr>
      <tr>
        <td>
          Kane Stark
        </td>
        <td>
          1956 Sed Avenue
        </td>
        <td>
          Banff
        </td>
        <td>
          AB
        </td>
        <td>
          Canada
        </td>
        <td>
          1959-12-21
        </td>
      </tr>
      <tr>
        <td>
          Nash Skinner
        </td>
        <td>
          3377 Neque Ave
        </td>
        <td>
          Moncton
        </td>
        <td>
          New Brunswick
        </td>
        <td>
          Canada
        </td>
        <td>
          1963-11-21
        </td>
      </tr>
      <tr>
        <td>
          Ulysses Cline
        </td>
        <td>
          936-2861 Dapibus Rd.
        </td>
        <td>
          Tracadie-Shelia
        </td>
        <td>
          New Brunswick
        </td>
        <td>
          Canada
        </td>
        <td>
          1984-10-07
        </td>
      </tr>
      <tr>
        <td>
          Daryl Solis
        </td>
        <td>
          4425 In Av.
        </td>
        <td>
          Fort Providence
        </td>
        <td>
          Northwest Territories
        </td>
        <td>
          Canada
        </td>
        <td>
          1955-06-15
        </td>
      </tr>
      <tr>
        <td>
          Craig Duncan
        </td>
        <td>
          P.O. Box 544, 265 Dui, Street
        </td>
        <td>
          Coleville Lake
        </td>
        <td>
          Northwest Territories
        </td>
        <td>
          Canada
        </td>
        <td>
          1979-01-06
        </td>
      </tr>
      <tr>
        <td>
          Vance Richmond
        </td>
        <td>
          Ap #287-8525 Vivamus Rd.
        </td>
        <td>
          Cranbrook
        </td>
        <td>
          British Columbia
        </td>
        <td>
          Canada
        </td>
        <td>
          1981-03-10
        </td>
      </tr>
      <tr>
        <td>
          Chantale Best
        </td>
        <td>
          592-8460 Vitae Rd.
        </td>
        <td>
          Wolfville
        </td>
        <td>
          Nova Scotia
        </td>
        <td>
          Canada
        </td>
        <td>
          1979-06-16
        </td>
      </tr>
      <tr>
        <td>
          Lyle Richard
        </td>
        <td>
          Ap #944-7990 Nulla. Av.
        </td>
        <td>
          Pangnirtung
        </td>
        <td>
          Nunavut
        </td>
        <td>
          Canada
        </td>
        <td>
          1972-04-22
        </td>
      </tr>
      <tr>
        <td>
          Kadeem Bird
        </td>
        <td>
          151-5683 Odio, Rd.
        </td>
        <td>
          Watson Lake
        </td>
        <td>
          Yukon
        </td>
        <td>
          Canada
        </td>
        <td>
          1946-03-28
        </td>
      </tr>
      <tr>
        <td>
          Quyn Miranda
        </td>
        <td>
          Ap #468-8426 Morbi Rd.
        </td>
        <td>
          Gander
        </td>
        <td>
          Newfoundland and Labrador
        </td>
        <td>
          Canada
        </td>
        <td>
          1972-01-01
        </td>
      </tr>
      <tr>
        <td>
          Keith Gross
        </td>
        <td>
          P.O. Box 961, 6060 Metus Road
        </td>
        <td>
          Cumberland County
        </td>
        <td>
          NS
        </td>
        <td>
          Canada
        </td>
        <td>
          1979-09-09
        </td>
      </tr>
      <tr>
        <td>
          Alyssa Dyer
        </td>
        <td>
          1929 Ipsum. Street
        </td>
        <td>
          Daly
        </td>
        <td>
          MB
        </td>
        <td>
          Canada
        </td>
        <td>
          1958-11-24
        </td>
      </tr>
      <tr>
        <td>
          John Orr
        </td>
        <td>
          Ap #456-7688 Id Rd.
        </td>
        <td>
          Gjoa Haven
        </td>
        <td>
          NU
        </td>
        <td>
          Canada
        </td>
        <td>
          1973-10-30
        </td>
      </tr>
      <tr>
        <td>
          Hasad Rush
        </td>
        <td>
          P.O. Box 266, 7190 Praesent St.
        </td>
        <td>
          Banff
        </td>
        <td>
          AB
        </td>
        <td>
          Canada
        </td>
        <td>
          1993-12-04
        </td>
      </tr>
      <tr>
        <td>
          Plato Clemons
        </td>
        <td>
          7204 In Rd.
        </td>
        <td>
          Langenburg
        </td>
        <td>
          SK
        </td>
        <td>
          Canada
        </td>
        <td>
          1988-01-30
        </td>
      </tr>
      <tr>
        <td>
          Inga Shelton
        </td>
        <td>
          852-422 Posuere Rd.
        </td>
        <td>
          Chilliwack
        </td>
        <td>
          British Columbia
        </td>
        <td>
          Canada
        </td>
        <td>
          1948-10-17
        </td>
      </tr>
      <tr>
        <td>
          Hoyt Holloway
        </td>
        <td>
          594-1616 A, Street
        </td>
        <td>
          Pangnirtung
        </td>
        <td>
          Nunavut
        </td>
        <td>
          Canada
        </td>
        <td>
          1969-07-20
        </td>
      </tr>
      <tr>
        <td>
          Charlotte Mosley
        </td>
        <td>
          Ap #317-4598 Sed Street
        </td>
        <td>
          Chambord
        </td>
        <td>
          QC
        </td>
        <td>
          Canada
        </td>
        <td>
          1946-07-27
        </td>
      </tr>
      <tr>
        <td>
          Duncan Rogers
        </td>
        <td>
          P.O. Box 498, 7286 Urna Street
        </td>
        <td>
          Tumbler Ridge
        </td>
        <td>
          BC
        </td>
        <td>
          Canada
        </td>
        <td>
          1945-02-12
        </td>
      </tr>
      <tr>
        <td>
          Kamal Rosales
        </td>
        <td>
          Ap #239-6818 Velit Avenue
        </td>
        <td>
          Whitehorse
        </td>
        <td>
          YT
        </td>
        <td>
          Canada
        </td>
        <td>
          1986-06-17
        </td>
      </tr>
      <tr>
        <td>
          Judah Paul
        </td>
        <td>
          192-1508 Nullam St.
        </td>
        <td>
          Stonewall
        </td>
        <td>
          Manitoba
        </td>
        <td>
          Canada
        </td>
        <td>
          1954-07-29
        </td>
      </tr>
      <tr>
        <td>
          Lacota Crosby
        </td>
        <td>
          178-2809 Interdum Road
        </td>
        <td>
          Canora
        </td>
        <td>
          Saskatchewan
        </td>
        <td>
          Canada
        </td>
        <td>
          1956-11-27
        </td>
      </tr>
      <tr>
        <td>
          McKenzie Francis
        </td>
        <td>
          Ap #476-1583 Sem Rd.
        </td>
        <td>
          Gjoa Haven
        </td>
        <td>
          NU
        </td>
        <td>
          Canada
        </td>
        <td>
          1956-07-02
        </td>
      </tr>
      <tr>
        <td>
          Perry Hurst
        </td>
        <td>
          793-5761 Gravida Rd.
        </td>
        <td>
          Langenburg
        </td>
        <td>
          SK
        </td>
        <td>
          Canada
        </td>
        <td>
          1965-03-11
        </td>
      </tr>
      <tr>
        <td>
          Serena Perez
        </td>
        <td>
          Ap #881-3235 Sit Ave
        </td>
        <td>
          Smithers
        </td>
        <td>
          BC
        </td>
        <td>
          Canada
        </td>
        <td>
          1953-05-27
        </td>
      </tr>
      <tr>
        <td>
          Karyn Simon
        </td>
        <td>
          P.O. Box 666, 5832 Bibendum. St.
        </td>
        <td>
          Whitehorse
        </td>
        <td>
          YT
        </td>
        <td>
          Canada
        </td>
        <td>
          1988-08-06
        </td>
      </tr>
      <tr>
        <td>
          Deborah Conway
        </td>
        <td>
          7164 Purus Rd.
        </td>
        <td>
          Municipal District
        </td>
        <td>
          NS
        </td>
        <td>
          Canada
        </td>
        <td>
          1977-07-15
        </td>
      </tr>
      <tr>
        <td>
          Germane Roth
        </td>
        <td>
          P.O. Box 515, 6306 Orci, Av.
        </td>
        <td>
          Calder
        </td>
        <td>
          SK
        </td>
        <td>
          Canada
        </td>
        <td>
          1961-11-06
        </td>
      </tr>
      <tr>
        <td>
          Morgan Weiss
        </td>
        <td>
          P.O. Box 612, 273 Laoreet Street
        </td>
        <td>
          Arviat
        </td>
        <td>
          Nunavut
        </td>
        <td>
          Canada
        </td>
        <td>
          1984-09-28
        </td>
      </tr>
      <tr>
        <td>
          Latifah Jacobs
        </td>
        <td>
          P.O. Box 997, 7127 Urna. St.
        </td>
        <td>
          Canmore
        </td>
        <td>
          Alberta
        </td>
        <td>
          Canada
        </td>
        <td>
          1957-09-09
        </td>
      </tr>
      <tr>
        <td>
          Beatrice Cherry
        </td>
        <td>
          Ap #566-6892 Ante. Avenue
        </td>
        <td>
          Hudson Bay
        </td>
        <td>
          Saskatchewan
        </td>
        <td>
          Canada
        </td>
        <td>
          1970-11-30
        </td>
      </tr>
      <tr>
        <td>
          Samuel Nichols
        </td>
        <td>
          Ap #140-9569 Ac Ave
        </td>
        <td>
          Stratford
        </td>
        <td>
          Prince Edward Island
        </td>
        <td>
          Canada
        </td>
        <td>
          1957-02-08
        </td>
      </tr>
      <tr>
        <td>
          Lester Lawrence
        </td>
        <td>
          726-3171 Ac Ave
        </td>
        <td>
          Carlton
        </td>
        <td>
          New Brunswick
        </td>
        <td>
          Canada
        </td>
        <td>
          1974-10-17
        </td>
      </tr>
      <tr>
        <td>
          Logan Bradley
        </td>
        <td>
          P.O. Box 400, 5114 Dolor. Rd.
        </td>
        <td>
          Whitehorse
        </td>
        <td>
          Yukon
        </td>
        <td>
          Canada
        </td>
        <td>
          1971-08-08
        </td>
      </tr>
      <tr>
        <td>
          Wang Roach
        </td>
        <td>
          403-7714 Enim Rd.
        </td>
        <td>
          Jasper
        </td>
        <td>
          Alberta
        </td>
        <td>
          Canada
        </td>
        <td>
          1957-01-14
        </td>
      </tr>
      <tr>
        <td>
          Whitney Gilliam
        </td>
        <td>
          170-3969 Nulla Rd.
        </td>
        <td>
          Baie-Comeau
        </td>
        <td>
          QC
        </td>
        <td>
          Canada
        </td>
        <td>
          1985-08-18
        </td>
      </tr>
      <tr>
        <td>
          Jerome Whitfield
        </td>
        <td>
          4323 Dictum Street
        </td>
        <td>
          Glendon
        </td>
        <td>
          AB
        </td>
        <td>
          Canada
        </td>
        <td>
          1947-04-25
        </td>
      </tr>
      <tr>
        <td>
          Lila Mathews
        </td>
        <td>
          4496 Eget Road
        </td>
        <td>
          Quispamsis
        </td>
        <td>
          NB
        </td>
        <td>
          Canada
        </td>
        <td>
          1971-03-05
        </td>
      </tr>
      <tr>
        <td>
          Demetria Cunningham
        </td>
        <td>
          Ap #779-809 At Ave
        </td>
        <td>
          Stratford
        </td>
        <td>
          Prince Edward Island
        </td>
        <td>
          Canada
        </td>
        <td>
          1971-02-15
        </td>
      </tr>
      <tr>
        <td>
          Sonia Lane
        </td>
        <td>
          P.O. Box 875, 8483 Lectus Ave
        </td>
        <td>
          Burns Lake
        </td>
        <td>
          British Columbia
        </td>
        <td>
          Canada
        </td>
        <td>
          1948-08-10
        </td>
      </tr>
      <tr>
        <td>
          Knox Edwards
        </td>
        <td>
          5162 Mollis St.
        </td>
        <td>
          Rae-Edzo
        </td>
        <td>
          NT
        </td>
        <td>
          Canada
        </td>
        <td>
          1956-12-11
        </td>
      </tr>
      <tr>
        <td>
          Rachel Dixon
        </td>
        <td>
          1593 Luctus Av.
        </td>
        <td>
          Shippagan
        </td>
        <td>
          NB
        </td>
        <td>
          Canada
        </td>
        <td>
          1967-12-28
        </td>
      </tr>
      <tr>
        <td>
          Dakota Rhodes
        </td>
        <td>
          P.O. Box 576, 1067 Interdum. Rd.
        </td>
        <td>
          Whitehorse
        </td>
        <td>
          YT
        </td>
        <td>
          Canada
        </td>
        <td>
          1971-07-28
        </td>
      </tr>
      <tr>
        <td>
          Jeremy Chapman
        </td>
        <td>
          P.O. Box 178, 6818 Ut Road
        </td>
        <td>
          Carbonear
        </td>
        <td>
          NL
        </td>
        <td>
          Canada
        </td>
        <td>
          1975-06-09
        </td>
      </tr>
      <tr>
        <td>
          Uriah Morris
        </td>
        <td>
          791-9849 At Rd.
        </td>
        <td>
          Strathcona County
        </td>
        <td>
          AB
        </td>
        <td>
          Canada
        </td>
        <td>
          1982-06-25
        </td>
      </tr>
      <tr>
        <td>
          Ryder Reyes
        </td>
        <td>
          660-9052 Diam Rd.
        </td>
        <td>
          Winnipeg
        </td>
        <td>
          Manitoba
        </td>
        <td>
          Canada
        </td>
        <td>
          1957-08-12
        </td>
      </tr>
      <tr>
        <td>
          Lillian Bowers
        </td>
        <td>
          8217 Lobortis, Street
        </td>
        <td>
          Weyburn
        </td>
        <td>
          Saskatchewan
        </td>
        <td>
          Canada
        </td>
        <td>
          1987-04-01
        </td>
      </tr>
      <tr>
        <td>
          Alfonso Gay
        </td>
        <td>
          Ap #160-9205 Ligula. Rd.
        </td>
        <td>
          Kitchener
        </td>
        <td>
          ON
        </td>
        <td>
          Canada
        </td>
        <td>
          1946-03-20
        </td>
      </tr>
      <tr>
        <td>
          Alice Chan
        </td>
        <td>
          2328 Risus. Rd.
        </td>
        <td>
          Cape Breton Island
        </td>
        <td>
          Nova Scotia
        </td>
        <td>
          Canada
        </td>
        <td>
          1966-02-07
        </td>
      </tr>
      <tr>
        <td>
          Sage Diaz
        </td>
        <td>
          P.O. Box 572, 3095 Turpis Road
        </td>
        <td>
          Port Alice
        </td>
        <td>
          British Columbia
        </td>
        <td>
          Canada
        </td>
        <td>
          1976-01-07
        </td>
      </tr>
      <tr>
        <td>
          Kelsey Ashley
        </td>
        <td>
          P.O. Box 741, 4621 Rhoncus. Rd.
        </td>
        <td>
          Cambridge Bay
        </td>
        <td>
          NU
        </td>
        <td>
          Canada
        </td>
        <td>
          1962-12-15
        </td>
      </tr>
      <tr>
        <td>
          Lesley Dodson
        </td>
        <td>
          837-6272 Cras Ave
        </td>
        <td>
          Calder
        </td>
        <td>
          SK
        </td>
        <td>
          Canada
        </td>
        <td>
          1958-09-24
        </td>
      </tr>
      <tr>
        <td>
          Dale Flores
        </td>
        <td>
          428-8398 Venenatis St.
        </td>
        <td>
          Guelph
        </td>
        <td>
          Ontario
        </td>
        <td>
          Canada
        </td>
        <td>
          1997-10-25
        </td>
      </tr>
      <tr>
        <td>
          Liberty Stone
        </td>
        <td>
          275-5312 Amet Street
        </td>
        <td>
          Baddeck
        </td>
        <td>
          Nova Scotia
        </td>
        <td>
          Canada
        </td>
        <td>
          1976-11-25
        </td>
      </tr>
      <tr>
        <td>
          Ashely Saunders
        </td>
        <td>
          Ap #870-3054 Dictum Avenue
        </td>
        <td>
          Baie-d'UrfÃ¯Â¿Â½
        </td>
        <td>
          QC
        </td>
        <td>
          Canada
        </td>
        <td>
          1993-02-11
        </td>
      </tr>
      <tr>
        <td>
          Chiquita Knowles
        </td>
        <td>
          P.O. Box 789, 2673 Urna St.
        </td>
        <td>
          Bonavista
        </td>
        <td>
          NL
        </td>
        <td>
          Canada
        </td>
        <td>
          1954-10-29
        </td>
      </tr>
      <tr>
        <td>
          Hillary Galloway
        </td>
        <td>
          Ap #439-6046 Ut, Rd.
        </td>
        <td>
          Sachs Harbour
        </td>
        <td>
          Northwest Territories
        </td>
        <td>
          Canada
        </td>
        <td>
          1973-08-01
        </td>
      </tr>
      <tr>
        <td>
          Fuller Welch
        </td>
        <td>
          Ap #164-1135 Nibh. Street
        </td>
        <td>
          Tulita
        </td>
        <td>
          Northwest Territories
        </td>
        <td>
          Canada
        </td>
        <td>
          1948-03-07
        </td>
      </tr>
      <tr>
        <td>
          Wallace Martinez
        </td>
        <td>
          7219 Eu, Rd.
        </td>
        <td>
          New Maryland
        </td>
        <td>
          New Brunswick
        </td>
        <td>
          Canada
        </td>
        <td>
          1987-05-04
        </td>
      </tr>
      <tr>
        <td>
          Derek Williamson
        </td>
        <td>
          P.O. Box 732, 4669 Lobortis Street
        </td>
        <td>
          Vegreville
        </td>
        <td>
          AB
        </td>
        <td>
          Canada
        </td>
        <td>
          1991-07-12
        </td>
      </tr>
      <tr>
        <td>
          Kyla Santos
        </td>
        <td>
          727-2878 Vitae St.
        </td>
        <td>
          Gjoa Haven
        </td>
        <td>
          Nunavut
        </td>
        <td>
          Canada
        </td>
        <td>
          1954-03-31
        </td>
      </tr>
      <tr>
        <td>
          Gannon Wilkins
        </td>
        <td>
          Ap #416-4118 Vel, Ave
        </td>
        <td>
          Saint AndrÃ¯Â¿Â½
        </td>
        <td>
          New Brunswick
        </td>
        <td>
          Canada
        </td>
        <td>
          1954-10-24
        </td>
      </tr>
      <tr>
        <td>
          Igor Whitney
        </td>
        <td>
          P.O. Box 441, 4750 Accumsan Rd.
        </td>
        <td>
          Ville de Maniwaki
        </td>
        <td>
          Quebec
        </td>
        <td>
          Canada
        </td>
        <td>
          1959-03-28
        </td>
      </tr>
      <tr>
        <td>
          Mariko Vincent
        </td>
        <td>
          P.O. Box 400, 2363 Arcu. St.
        </td>
        <td>
          Edmonton
        </td>
        <td>
          Alberta
        </td>
        <td>
          Canada
        </td>
        <td>
          1970-12-02
        </td>
      </tr>
      <tr>
        <td>
          Veronica Downs
        </td>
        <td>
          725-643 Sagittis Street
        </td>
        <td>
          Burns Lake
        </td>
        <td>
          BC
        </td>
        <td>
          Canada
        </td>
        <td>
          1997-01-14
        </td>
      </tr>
      <tr>
        <td>
          Adara Washington
        </td>
        <td>
          Ap #385-8479 Auctor Avenue
        </td>
        <td>
          McCallum
        </td>
        <td>
          NL
        </td>
        <td>
          Canada
        </td>
        <td>
          1974-10-10
        </td>
      </tr>
      <tr>
        <td>
          Alec Fulton
        </td>
        <td>
          841-4288 Cursus. Street
        </td>
        <td>
          Mount Pearl
        </td>
        <td>
          NL
        </td>
        <td>
          Canada
        </td>
        <td>
          1994-06-27
        </td>
      </tr>
      <tr>
        <td>
          Kelly Finch
        </td>
        <td>
          2605 Donec Street
        </td>
        <td>
          Arviat
        </td>
        <td>
          NU
        </td>
        <td>
          Canada
        </td>
        <td>
          1953-09-08
        </td>
      </tr>
      <tr>
        <td>
          Richard Bennett
        </td>
        <td>
          Ap #704-4072 Amet, Avenue
        </td>
        <td>
          Iqaluit
        </td>
        <td>
          Nunavut
        </td>
        <td>
          Canada
        </td>
        <td>
          1972-09-04
        </td>
      </tr>
      <tr>
        <td>
          Adria Spencer
        </td>
        <td>
          P.O. Box 466, 8786 Adipiscing Road
        </td>
        <td>
          Pangnirtung
        </td>
        <td>
          Nunavut
        </td>
        <td>
          Canada
        </td>
        <td>
          1985-11-22
        </td>
      </tr>
      <tr>
        <td>
          Hiroko Peters
        </td>
        <td>
          Ap #267-5448 Mauris Street
        </td>
        <td>
          Minitonas
        </td>
        <td>
          Manitoba
        </td>
        <td>
          Canada
        </td>
        <td>
          1947-07-31
        </td>
      </tr>
      <tr>
        <td>
          Deanna Holland
        </td>
        <td>
          Ap #916-5343 Aenean Street
        </td>
        <td>
          Cambridge Bay
        </td>
        <td>
          NU
        </td>
        <td>
          Canada
        </td>
        <td>
          1979-05-14
        </td>
      </tr>
      <tr>
        <td>
          Keely Alvarado
        </td>
        <td>
          P.O. Box 102, 4400 Mi. Rd.
        </td>
        <td>
          Argyle
        </td>
        <td>
          NS
        </td>
        <td>
          Canada
        </td>
        <td>
          1948-12-23
        </td>
      </tr>
      <tr>
        <td>
          Aline Freeman
        </td>
        <td>
          Ap #128-9603 Neque. Av.
        </td>
        <td>
          Charlottetown
        </td>
        <td>
          Prince Edward Island
        </td>
        <td>
          Canada
        </td>
        <td>
          1983-12-29
        </td>
      </tr>
      <tr>
        <td>
          Sean Wells
        </td>
        <td>
          7294 Non, Street
        </td>
        <td>
          Mundare
        </td>
        <td>
          Alberta
        </td>
        <td>
          Canada
        </td>
        <td>
          1956-07-30
        </td>
      </tr>
      <tr>
        <td>
          Anthony Britt
        </td>
        <td>
          Ap #829-6205 Sed Av.
        </td>
        <td>
          Windsor
        </td>
        <td>
          ON
        </td>
        <td>
          Canada
        </td>
        <td>
          1974-09-22
        </td>
      </tr>
      <tr>
        <td>
          Anthony Bryant
        </td>
        <td>
          Ap #177-2417 Auctor, Road
        </td>
        <td>
          Grand Falls
        </td>
        <td>
          NB
        </td>
        <td>
          Canada
        </td>
        <td>
          1990-03-23
        </td>
      </tr>
      <tr>
        <td>
          Quemby Sykes
        </td>
        <td>
          184-6891 Pede, Av.
        </td>
        <td>
          Price
        </td>
        <td>
          QC
        </td>
        <td>
          Canada
        </td>
        <td>
          1995-12-07
        </td>
      </tr>
      <tr>
        <td>
          Cruz Stein
        </td>
        <td>
          P.O. Box 280, 3379 Mauris Road
        </td>
        <td>
          Lakeland County
        </td>
        <td>
          AB
        </td>
        <td>
          Canada
        </td>
        <td>
          1964-06-18
        </td>
      </tr>
      <tr>
        <td>
          Nash Hudson
        </td>
        <td>
          P.O. Box 508, 4930 Nunc Av.
        </td>
        <td>
          Montpellier
        </td>
        <td>
          QC
        </td>
        <td>
          Canada
        </td>
        <td>
          1970-03-03
        </td>
      </tr>
      <tr>
        <td>
          Magee Workman
        </td>
        <td>
          8042 Interdum Road
        </td>
        <td>
          Regina
        </td>
        <td>
          Saskatchewan
        </td>
        <td>
          Canada
        </td>
        <td>
          1985-08-24
        </td>
      </tr>
      <tr>
        <td>
          Chaim Harper
        </td>
        <td>
          402-5377 Nunc Street
        </td>
        <td>
          Yorkton
        </td>
        <td>
          SK
        </td>
        <td>
          Canada
        </td>
        <td>
          1982-08-05
        </td>
      </tr>
      <tr>
        <td>
          Uta Jacobs
        </td>
        <td>
          5674 Faucibus Rd.
        </td>
        <td>
          Carleton
        </td>
        <td>
          Quebec
        </td>
        <td>
          Canada
        </td>
        <td>
          1970-01-10
        </td>
      </tr>
    </tbody>
  </table>
</div>
`;
